results for schematic file:
	no differences found
