results for schematic file:
	package "C1206" in library "rcl" is different
	could not find a corresponding lbr file for library "holes"
