description of library "pinhead" is different between brd and lbr
part "C1206" in library "rcl" is different between brd and lbr
