description of library "pinhead" is different between sch and lbr
part "C1206" in library "rcl" is different between sch and lbr
